// Jest Snapshot v1, https://goo.gl/fbAQLP

exports[`Categories test cases should render correctly 1`] = `
<div>
  <div
    class="css-1j52cd2"
    role="list"
  >
    <a
      class="chakra-link css-mq8v5c"
    >
      <p
        class="chakra-text css-1kmnq3w"
      >
        Sofa Cleaning
      </p>
    </a>
    <a
      class="chakra-link css-71elz2"
    >
      <p
        class="chakra-text css-1kmnq3w"
      >
        Bathroom
      </p>
    </a>
    <a
      class="chakra-link css-1jgpbug"
    >
      <p
        class="chakra-text css-1kmnq3w"
      >
        Best Control
      </p>
    </a>
    <a
      class="chakra-link css-1katu9w"
    >
      <p
        class="chakra-text css-1kmnq3w"
      >
        View All
      </p>
    </a>
  </div>
</div>
`;
